AR ip_rotary behavioral //turing/homes/Documents/PMC_E201/Sources_Debut_TP/ip_rotary.vhd sub00/vhpl28 1458314055
AR ball behavioral //turing/homes/Documents/PMC_E201/Sources_Debut_TP/ball.vhd sub00/vhpl14 1458314037
EN brick_ctrl NULL //turing/homes/Documents/PMC_E201/Sources_Debut_TP/brick.vhd sub00/vhpl15 1458314038
EN display NULL //turing/homes/Documents/PMC_E201/Sources_Debut_TP/display.vhd sub00/vhpl03 1458314024
AR decor behavioral //turing/homes/Documents/PMC_E201/Sources_Debut_TP/decor.vhd sub00/vhpl08 1458314031
AR pad behavioral //turing/homes/Documents/PMC_E201/Sources_Debut_TP/pad.vhd sub00/vhpl10 1458314033
AR button_mgr behavioral //turing/homes/Documents/PMC_E201/Sources_Debut_TP/button_mgr.vhd sub00/vhpl26 1458314053
AR clkdiv behavioral //turing/homes/Documents/PMC_E201/ClkDiv.vhd sub00/vhpl01 1458314049
AR uartcomponent behavioral //turing/homes/Documents/PMC_E201/Sources_Debut_TP/UARTcomponent.vhd sub00/vhpl18 1458314041
AR display behavioral //turing/homes/Documents/PMC_E201/Sources_Debut_TP/display.vhd sub00/vhpl04 1458314025
EN uartcomponent NULL //turing/homes/Documents/PMC_E201/Sources_Debut_TP/UARTcomponent.vhd sub00/vhpl17 1458314040
AR vga archi //turing/homes/Documents/PMC_E201/Sources_Debut_TP/VGA.vhd sub00/vhpl36 1458314063
AR rotary behavioral //turing/homes/Documents/PMC_E201/Sources_Debut_TP/rotary.vhd sub00/vhpl22 1458314045
AR game_mgr behavioral //turing/homes/Documents/PMC_E201/game_mgr.vhd sub00/vhpl42 1458314027
EN objects NULL //turing/homes/Documents/PMC_E201/Sources_Debut_TP/objects.vhd sub00/vhpl31 1458314058
EN clkdiv NULL //turing/homes/Documents/PMC_E201/ClkDiv.vhd sub00/vhpl00 1458314048
AR brick_ctrl behavioral //turing/homes/Documents/PMC_E201/Sources_Debut_TP/brick.vhd sub00/vhpl16 1458314039
EN bounce NULL //turing/homes/Documents/PMC_E201/Sources_Debut_TP/bounce.vhd sub00/vhpl11 1458314034
EN ball NULL //turing/homes/Documents/PMC_E201/Sources_Debut_TP/ball.vhd sub00/vhpl13 1458314036
AR move_rs232 behavioral //turing/homes/Documents/PMC_E201/Sources_Debut_TP/move_RS232.vhd sub00/vhpl20 1458314043
EN vga NULL //turing/homes/Documents/PMC_E201/Sources_Debut_TP/VGA.vhd sub00/vhpl35 1458314062
AR move behavioral //turing/homes/Documents/PMC_E201/move.vhd sub00/vhpl40 1458314047
EN top NULL //turing/homes/Documents/PMC_E201/Sources_Debut_TP/top.vhd sub00/vhpl37 1458314064
EN move_rs232 NULL //turing/homes/Documents/PMC_E201/Sources_Debut_TP/move_RS232.vhd sub00/vhpl19 1458314042
EN game_mgr NULL //turing/homes/Documents/PMC_E201/game_mgr.vhd sub00/vhpl41 1458314026
AR switch_mgr behavioral //turing/homes/Documents/PMC_E201/Sources_Debut_TP/switch_mgr.vhd sub00/vhpl24 1458314051
AR game behavioral //turing/homes/Documents/PMC_E201/Sources_Debut_TP/game.vhd sub00/vhpl34 1458314061
EN decor NULL //turing/homes/Documents/PMC_E201/Sources_Debut_TP/decor.vhd sub00/vhpl07 1458314030
EN pad NULL //turing/homes/Documents/PMC_E201/Sources_Debut_TP/pad.vhd sub00/vhpl09 1458314032
EN button_mgr NULL //turing/homes/Documents/PMC_E201/Sources_Debut_TP/button_mgr.vhd sub00/vhpl25 1458314052
EN move NULL //turing/homes/Documents/PMC_E201/move.vhd sub00/vhpl39 1458314046
AR master_slave_mgr behavioral //turing/homes/Documents/PMC_E201/Sources_Debut_TP/mas_sla_mgr.vhd sub00/vhpl06 1458314029
EN rotary NULL //turing/homes/Documents/PMC_E201/Sources_Debut_TP/rotary.vhd sub00/vhpl21 1458314044
EN game NULL //turing/homes/Documents/PMC_E201/Sources_Debut_TP/game.vhd sub00/vhpl33 1458314060
EN ip_rotary NULL //turing/homes/Documents/PMC_E201/Sources_Debut_TP/ip_rotary.vhd sub00/vhpl27 1458314054
EN ip_uart NULL //turing/homes/Documents/PMC_E201/Sources_Debut_TP/ip_uart.vhd sub00/vhpl29 1458314056
AR objects behavioral //turing/homes/Documents/PMC_E201/Sources_Debut_TP/objects.vhd sub00/vhpl32 1458314059
AR bounce behavioral //turing/homes/Documents/PMC_E201/Sources_Debut_TP/bounce.vhd sub00/vhpl12 1458314035
AR ip_uart behavioral //turing/homes/Documents/PMC_E201/Sources_Debut_TP/ip_uart.vhd sub00/vhpl30 1458314057
EN switch_mgr NULL //turing/homes/Documents/PMC_E201/Sources_Debut_TP/switch_mgr.vhd sub00/vhpl23 1458314050
AR top behavioral //turing/homes/Documents/PMC_E201/Sources_Debut_TP/top.vhd sub00/vhpl38 1458314065
EN master_slave_mgr NULL //turing/homes/Documents/PMC_E201/Sources_Debut_TP/mas_sla_mgr.vhd sub00/vhpl05 1458314028
PH pong_pack NULL //turing/homes/Documents/PMC_E201/Sources_Debut_TP/pong_package.vhd sub00/vhpl02 1458314023
